<html>
<body>
<pre>
<h1>µVision Build Log</h1>
<h2>Tool Versions:</h2>
IDE-Version: ÂµVision V5.30.0.0
Copyright (C) 2020 ARM Ltd and ARM Germany GmbH. All rights reserved.
License Information: Jeroen van Dijk, Acid Byte, LIC=----
 
Tool Versions:
Toolchain:       MDK-Lite  Version: 5.30.0.0
Toolchain Path:  X:\Keil_v5\ARM\ARMCC\Bin
C Compiler:      Armcc.exe V5.06 update 6 (build 750)
Assembler:       Armasm.exe V5.06 update 6 (build 750)
Linker/Locator:  ArmLink.exe V5.06 update 6 (build 750)
Library Manager: ArmAr.exe V5.06 update 6 (build 750)
Hex Converter:   FromElf.exe V5.06 update 6 (build 750)
CPU DLL:         SARMCM3.DLL V5.30.0.0
Dialog DLL:      DCM.DLL V1.17.3.0
Target DLL:      STLink\ST-LINKIII-KEIL_SWO.dll V3.0.7.0
Dialog DLL:      TCM.DLL V1.42.0.0
 
<h2>Project:</h2>
X:\Electronics\CubeMX\Bedini Coil System\Bedini-Coil-Trigger-System-v0.4\MDK-ARM\Bedini Coil Trigger System v0.4.uvprojx
Project File Date:  10/21/2022

<h2>Output:</h2>
*** Using Compiler 'V5.06 update 6 (build 750)', folder: 'X:\Keil_v5\ARM\ARMCC\Bin'
Build target 'Bedini Coil Trigger System v0.4'
compiling main.c...
../Core/Src/main.c(58): warning:  #1035-D: single-precision operand implicitly converted to double-precision
  const uint32_t MAX_BATTERY_VOLTAGE = ((((voltageR1 + voltageR2) / voltageR2) * 3.3) * 100.0); // ~3.3 volt = (100k -> 5k) = resolution of ~mV
../Core/Src/main.c(271): warning:  #1035-D: single-precision operand implicitly converted to double-precision
  					rpmPulse = (((1000000.0 / (float)comparePulseAvg) * 60.0) / (float)MAGNETS_ON_ROTOR);
../Core/Src/main.c(909): warning:  #1035-D: single-precision operand implicitly converted to double-precision
  				multiplierPid = (100.0 + (float)rpmDifferenceAvg) * gainPid;
../Core/Src/main.c(917): warning:  #1035-D: single-precision operand implicitly converted to double-precision
  				multiplierPid = (100.0 - (float)rpmDifferenceAvg) / gainPid;
../Core/Src/main.c(947): warning:  #1035-D: single-precision operand implicitly converted to double-precision
  			rpmPulse = (((1000000.0 / (float)comparePulse[0]) * 60.0) / (float)MAGNETS_ON_ROTOR);
../Core/Src/main.c(964): warning:  #1035-D: single-precision operand implicitly converted to double-precision
  			rpmPulse = (((1000000.0 / (float)comparePulse[0]) * 60.0) / (float)MAGNETS_ON_ROTOR);
../Core/Src/main.c(1040): warning:  #1035-D: single-precision operand implicitly converted to double-precision
  		voltageBattery = (((float)MAX_BATTERY_VOLTAGE / 4095.0) * (float)voltageAvg); // to be verified
../Core/Src/main.c(1048): warning:  #1035-D: single-precision operand implicitly converted to double-precision
  		currentBattery = (((float)MAX_BATTERY_CURRENT / 4095.0) * (float)currentAvg); // to be verified
../Core/Src/main.c(1057): warning:  #1035-D: single-precision operand implicitly converted to double-precision
  		delayPulse = ((((float)MAX_PULSE_DELAY / 4095.0) * (float)analogInputs[2]) * (float)STEP_MULTIPLIER_DELAY);//analogInputs[2]); // to be verified 1000 = 1mS  * multiplier
../Core/Src/main.c(1060): warning:  #1035-D: single-precision operand implicitly converted to double-precision
  		delayPulse =(((float) comparePulseAvg / 1000.0) * ((900.0 / 4095.0) * (float)delayAvg)); // rpm percentage delay
../Core/Src/main.c(1066): warning:  #1035-D: single-precision operand implicitly converted to double-precision
  		widthPulse = ((((float)MAX_PULSE_WIDTH / 4095.0) * (float)widthAvg) * (float)multiplierPid); // to be verified 1000 = 1mS  * multiplier
../Core/Src/main.c(1070): warning:  #1035-D: single-precision operand implicitly converted to double-precision
  		widthPulse = (((float)comparePulseAvg / 10000.0) * ((5000.0 / 4095.0) * (((float)widthAvg / 100.0) * (float)multiplierPid)));//(float) analogInputs[3])); // 0-50% duty cycle
../Core/Src/main.c(1070): warning:  #1035-D: single-precision operand implicitly converted to double-precision
  		widthPulse = (((float)comparePulseAvg / 10000.0) * ((5000.0 / 4095.0) * (((float)widthAvg / 100.0) * (float)multiplierPid)));//(float) analogInputs[3])); // 0-50% duty cycle
../Core/Src/main.c: 13 warnings, 0 errors
linking...
Program Size: Code=13880 RO-data=508 RW-data=144 ZI-data=2512  
FromELF: creating hex file...
"Bedini Coil Trigger System v0.4\Bedini Coil Trigger System v0.4" - 0 Error(s), 13 Warning(s).

<h2>Software Packages used:</h2>

Package Vendor: ARM
                http://www.keil.com/pack/ARM.CMSIS.5.7.0.pack
                ARM.CMSIS.5.7.0
                CMSIS (Cortex Microcontroller Software Interface Standard)
   * Component: CORE Version: 5.4.0

Package Vendor: Keil
                http://www.keil.com/pack/Keil.STM32F4xx_DFP.2.14.0.pack
                Keil.STM32F4xx_DFP.2.14.0
                STMicroelectronics STM32F4 Series Device Support, Drivers and Examples

<h2>Collection of Component include folders:</h2>
  .\RTE\_Bedini_Coil_Trigger_System_v0.4
  C:\Users\Acid Byte\AppData\Local\Arm\Packs\ARM\CMSIS\5.7.0\CMSIS\Core\Include
  C:\Users\Acid Byte\AppData\Local\Arm\Packs\Keil\STM32F4xx_DFP\2.14.0\Drivers\CMSIS\Device\ST\STM32F4xx\Include

<h2>Collection of Component Files used:</h2>

   * Component: ARM::CMSIS:CORE:5.4.0
      Include file:  CMSIS\Core\Include\tz_context.h
Build Time Elapsed:  00:00:03
</pre>
</body>
</html>
